{
  "version": 1,
  "vault": "personal",
  "teams": [
    {
      "name": "alpha",
      "path": "/home/u/team-alpha",
      "bound_at": "2026-05-29T12:00:00Z"
    },
    {
      "name": "beta",
      "remote": "git@github.com:org/team-beta.git",
      "bound_at": "2026-05-29T12:00:00Z"
    }
  ]
}
